// Jest Snapshot v1, https://goo.gl/fbAQLP

exports[`when some todos are supplied matches snapshot 1`] = `
<ul
  className="todo-list"
>
  <li
    className=""
  >
    <input
      onClick={[Function]}
      type="checkbox"
    />
    <span
      className="todo-text"
      onClick={[Function]}
    >
      todo1
    </span>
  </li>
  <li
    className="completed"
  >
    <input
      onClick={[Function]}
      type="checkbox"
    />
    <span
      className="todo-text"
      onClick={[Function]}
    >
      todo2
    </span>
  </li>
</ul>
`;
