// Jest Snapshot v1, https://goo.gl/fbAQLP

exports[`when some todos are supplied matches snapshot 1`] = `
Array [
  <div
    className="filter-menu"
  >
    <div
      className="menu-item active"
      onClick={[Function]}
    >
      All
    </div>
    <div
      className="menu-item"
      onClick={[Function]}
    >
      Incomplete
    </div>
    <div
      className="menu-item"
      onClick={[Function]}
    >
      Completed
    </div>
  </div>,
  <ul
    className="todo-list"
  >
    <li
      className=""
    >
      <input
        onClick={[Function]}
        type="checkbox"
      />
      <span
        className="todo-text"
        onClick={[Function]}
      >
        todo1
      </span>
    </li>
    <li
      className="completed"
    >
      <input
        defaultChecked={true}
        onClick={[Function]}
        type="checkbox"
      />
      <span
        className="todo-text"
        onClick={[Function]}
      >
        todo2
      </span>
    </li>
  </ul>,
]
`;
